==> tests/inputs/one.txt <==
o
==> tests/inputs/two.txt <==
o
==> tests/inputs/three.txt <==
o
==> tests/inputs/ten.txt <==
o