==> tests/inputs/one.txt <==
one
==> tests/inputs/two.txt <==
one

==> tests/inputs/three.txt <==
one

==> tests/inputs/ten.txt <==
one
