==> tests/inputs/one.txt <==
on
==> tests/inputs/two.txt <==
on
==> tests/inputs/three.txt <==
on
==> tests/inputs/ten.txt <==
on