==> tests/inputs/one.txt <==
one
==> tests/inputs/two.txt <==
one
two
==> tests/inputs/three.txt <==
one
two
three
==> tests/inputs/ten.txt <==
one
two
three
four
